{"message":"Error: connect ECONNREFUSED 127.0.0.1:27017","file":"C:\\Users\\rezaa\\Desktop\\new-next\\node_modules\\mongoose\\lib\\connection.js","line":"1110","date":"۱۴۰۳/۱۱/۹"}
{"message":"Error: بعد از اتمام سه دقیقه دوباره امتحان کنید, در صورت بروز مشکل صفحه را دوباره لود کنید","file":"unknown","line":"unknown","date":"۱۴۰۳/۱۱/۹"}
{"message":"Error: بعد از اتمام سه دقیقه دوباره امتحان کنید, در صورت بروز مشکل صفحه را دوباره لود کنید","file":"unknown","line":"unknown","date":"۱۴۰۳/۱۱/۹"}
{"message":"Error: بعد از اتمام سه دقیقه دوباره امتحان کنید, در صورت بروز مشکل صفحه را دوباره لود کنید","file":"unknown","line":"unknown","date":"۱۴۰۳/۱۱/۹"}
{"message":"Error: ttooo is not defined","file":"unknown","line":"unknown","date":"۱۴۰۳/۱۱/۹"}
{"message":"Error: ttooo is not defined","file":"unknown","line":"unknown","date":"۱۴۰۳/۱۱/۹"}
{"message":"Error: ایمیل خود را وارد کنید","file":"C:\\Users\\rezaa\\Desktop\\new-next\\.next\\server\\chunks\\node_modules_e0513d._.js","line":"17419","date":"۱۴۰۳/۱۱/۹"}
{"message":"Error: کد وارد شده اشتباه هست","file":"unknown","line":"unknown","date":"۱۴۰۳/۱۱/۱۰"}
{"message":"Error: کد وارد شده اشتباه هست","file":"unknown","line":"unknown","date":"۱۴۰۳/۱۱/۱۰"}
{"message":"Error: کد وارد شده اشتباه هست","file":"unknown","line":"unknown","date":"۱۴۰۳/۱۱/۱۰"}
{"message":"Error: کد وارد شده اشتباه هست","file":"unknown","line":"unknown","date":"۱۴۰۳/۱۱/۱۰"}
{"message":"Error: کد وارد شده اشتباه هست","file":"unknown","line":"unknown","date":"۱۴۰۳/۱۱/۱۰"}
{"message":"Error: کد وارد شده اشتباه هست","file":"unknown","line":"unknown","date":"۱۴۰۳/۱۱/۱۰"}
{"message":"Error: کد وارد شده اشتباه هست","file":"unknown","line":"unknown","date":"۱۴۰۳/۱۱/۱۰"}
{"message":"Error: کد وارد شده اشتباه هست","file":"unknown","line":"unknown","date":"۱۴۰۳/۱۱/۱۰"}
{"message":"Error: کد وارد شده اشتباه هست","file":"unknown","line":"unknown","date":"۱۴۰۳/۱۱/۱۰"}
{"message":"Error: کد وارد شده اشتباه هست","file":"unknown","line":"unknown","date":"۱۴۰۳/۱۱/۱۰"}
{"message":"Error: کد وارد شده اشتباه هست","file":"unknown","line":"unknown","date":"۱۴۰۳/۱۱/۱۰"}
{"message":"Error: کد وارد شده اشتباه هست","file":"unknown","line":"unknown","date":"۱۴۰۳/۱۱/۱۰"}
{"message":"Error: کد وارد شده اشتباه هست","file":"unknown","line":"unknown","date":"۱۴۰۳/۱۱/۱۰"}
{"message":"Error: کد وارد شده اشتباه هست","file":"unknown","line":"unknown","date":"۱۴۰۳/۱۱/۱۰"}
{"message":"Error: کد وارد شده اشتباه هست","file":"unknown","line":"unknown","date":"۱۴۰۳/۱۱/۱۰"}
{"message":"Error: کد وارد شده اشتباه هست","file":"unknown","line":"unknown","date":"۱۴۰۳/۱۱/۱۰"}
{"message":"Error: Validation failed: address: Path `address` is required., city: Path `city` is required., postalCode: Path `postalCode` is required.","file":"C:\\Users\\rezaa\\Desktop\\new-next\\node_modules\\mongoose\\lib\\model.js","line":"4189","date":"۱۴۰۳/۱۱/۱۰"}
{"message":"Error: کد وارد شده اشتباه هست","file":"unknown","line":"unknown","date":"۱۴۰۳/۱۱/۱۰"}
{"message":"Error: کد وارد شده اشتباه هست","file":"unknown","line":"unknown","date":"۱۴۰۳/۱۱/۱۰"}
{"message":"Error: کد وارد شده اشتباه هست","file":"unknown","line":"unknown","date":"۱۴۰۳/۱۱/۱۰"}
{"message":"Error: Validation failed: address: Path `address` is required., city: Path `city` is required., postalCode: Path `postalCode` is required.","file":"C:\\Users\\rezaa\\Desktop\\new-next\\node_modules\\mongoose\\lib\\model.js","line":"4189","date":"۱۴۰۳/۱۱/۱۰"}
{"message":"Error: Validation failed: address: Path `address` is required., city: Path `city` is required., postalCode: Path `postalCode` is required.","file":"C:\\Users\\rezaa\\Desktop\\new-next\\node_modules\\mongoose\\lib\\model.js","line":"4189","date":"۱۴۰۳/۱۱/۱۰"}
{"message":"Error: Validation failed: address: Path `address` is required., city: Path `city` is required., postalCode: Path `postalCode` is required.","file":"C:\\Users\\rezaa\\Desktop\\new-next\\node_modules\\mongoose\\lib\\model.js","line":"4189","date":"۱۴۰۳/۱۱/۱۰"}
{"message":"Error: کد وارد شده اشتباه هست","file":"unknown","line":"unknown","date":"۱۴۰۳/۱۱/۱۰"}
{"message":"Error: کد وارد شده اشتباه هست","file":"unknown","line":"unknown","date":"۱۴۰۳/۱۱/۱۰"}
{"message":"Error: کد وارد شده اشتباه هست","file":"unknown","line":"unknown","date":"۱۴۰۳/۱۱/۱۰"}
{"message":"Error: کد وارد شده اشتباه هست","file":"unknown","line":"unknown","date":"۱۴۰۳/۱۱/۱۰"}
{"message":"Error: کد وارد شده اشتباه هست","file":"unknown","line":"unknown","date":"۱۴۰۳/۱۱/۱۰"}
{"message":"Error: کد وارد شده اشتباه هست","file":"unknown","line":"unknown","date":"۱۴۰۳/۱۱/۱۰"}
{"message":"Error: کد وارد شده اشتباه هست","file":"unknown","line":"unknown","date":"۱۴۰۳/۱۱/۱۰"}
{"message":"Error: send-code-filed","file":"unknown","line":"unknown","date":"۱۴۰۳/۱۱/۱۰"}
{"message":"Error: send-code-filed","file":"unknown","line":"unknown","date":"۱۴۰۳/۱۱/۱۰"}
